/root/miniconda3/envs/sapien/lib/python3.10/site-packages/sapien/__init__.py:18: UserWarning: pkg_resources is deprecated as an API. See https://setuptools.pypa.io/en/latest/pkg_resources.html. The pkg_resources package is slated for removal as early as 2025-11-30. Refrain from using this package or pin to Setuptools<81.
  import pkg_resources
/root/miniconda3/envs/sapien/lib/python3.10/site-packages/timm/models/layers/__init__.py:49: FutureWarning: Importing from timm.models.layers is deprecated, please import via timm.layers
  warnings.warn(f"Importing from {__name__} is deprecated, please import via timm.layers", FutureWarning)
[SAPIEN] render init failed, falling back to headless: Failed to find a supported physical device "cuda:0"
Traceback (most recent call last):
  File "/inspire/hdd/global_user/liditao-253108110078/articu_sapien/jointTrain_new/experiment/model_architecture_6/run_a6_g005c_gt_traj_candidate_physical_pilot.py", line 127, in <module>
    raise SystemExit(main())
  File "/inspire/hdd/global_user/liditao-253108110078/articu_sapien/jointTrain_new/experiment/model_architecture_6/run_a6_g005c_gt_traj_candidate_physical_pilot.py", line 77, in main
    row = run_physical_episode(
  File "/inspire/hdd/global_user/liditao-253108110078/articu_sapien/jointTrain_new/experiment/model_architecture_6/a6_grasp_operation_pilot.py", line 237, in run_physical_episode
    capturer.apply_initial_state(world, init)
  File "/inspire/hdd/global_user/liditao-253108110078/articu_sapien/jointTrain_new/joint_train/sim/capture_view_pcd.py", line 380, in apply_initial_state
    world.scene.update_render()
  File "/root/miniconda3/envs/sapien/lib/python3.10/site-packages/sapien/wrapper/scene.py", line 135, in update_render
    self.render_system.step()
RuntimeError: failed to get system: no system with name [render] is added to scene

ERROR conda.cli.main_run:execute(127): `conda run env PYTHONPATH=/inspire/hdd/global_user/liditao-253108110078/articu_sapien python /inspire/hdd/global_user/liditao-253108110078/articu_sapien/jointTrain_new/experiment/model_architecture_6/run_a6_g005c_gt_traj_candidate_physical_pilot.py --targets 8 --resume` failed. (See above for error)
/root/miniconda3/envs/sapien/lib/python3.10/site-packages/sapien/__init__.py:18: UserWarning: pkg_resources is deprecated as an API. See https://setuptools.pypa.io/en/latest/pkg_resources.html. The pkg_resources package is slated for removal as early as 2025-11-30. Refrain from using this package or pin to Setuptools<81.
  import pkg_resources
/root/miniconda3/envs/sapien/lib/python3.10/site-packages/timm/models/layers/__init__.py:49: FutureWarning: Importing from timm.models.layers is deprecated, please import via timm.layers
  warnings.warn(f"Importing from {__name__} is deprecated, please import via timm.layers", FutureWarning)

{"schema_version": 1, "run_id": "a6_g005c_gt_traj_candidate_physical_pilot_v2", "status": "partial", "complete": false, "terminal": false, "pid": 2891288, "targets": 8, "total_candidates": 31, "completed_candidates": 17, "started_at": "2026-08-06T20:31:57+00:00", "remaining_candidates": 14, "heartbeat_at": "2026-08-06T20:32:02+00:00"}

/root/miniconda3/envs/sapien/lib/python3.10/site-packages/sapien/__init__.py:18: UserWarning: pkg_resources is deprecated as an API. See https://setuptools.pypa.io/en/latest/pkg_resources.html. The pkg_resources package is slated for removal as early as 2025-11-30. Refrain from using this package or pin to Setuptools<81.
  import pkg_resources
/root/miniconda3/envs/sapien/lib/python3.10/site-packages/timm/models/layers/__init__.py:49: FutureWarning: Importing from timm.models.layers is deprecated, please import via timm.layers
  warnings.warn(f"Importing from {__name__} is deprecated, please import via timm.layers", FutureWarning)

{"schema_version": 1, "run_id": "a6_g005c_gt_traj_candidate_physical_pilot_v2", "status": "partial", "complete": false, "terminal": false, "pid": 2895028, "targets": 8, "total_candidates": 31, "completed_candidates": 18, "started_at": "2026-08-06T20:32:11+00:00", "remaining_candidates": 13, "heartbeat_at": "2026-08-06T20:32:34+00:00"}

/root/miniconda3/envs/sapien/lib/python3.10/site-packages/sapien/__init__.py:18: UserWarning: pkg_resources is deprecated as an API. See https://setuptools.pypa.io/en/latest/pkg_resources.html. The pkg_resources package is slated for removal as early as 2025-11-30. Refrain from using this package or pin to Setuptools<81.
  import pkg_resources
/root/miniconda3/envs/sapien/lib/python3.10/site-packages/timm/models/layers/__init__.py:49: FutureWarning: Importing from timm.models.layers is deprecated, please import via timm.layers
  warnings.warn(f"Importing from {__name__} is deprecated, please import via timm.layers", FutureWarning)

{"schema_version": 1, "run_id": "a6_g005c_gt_traj_candidate_physical_pilot_v2", "status": "partial", "complete": false, "terminal": false, "pid": 2906970, "targets": 8, "total_candidates": 31, "completed_candidates": 19, "started_at": "2026-08-06T20:32:42+00:00", "remaining_candidates": 12, "heartbeat_at": "2026-08-06T20:32:48+00:00"}

/root/miniconda3/envs/sapien/lib/python3.10/site-packages/sapien/__init__.py:18: UserWarning: pkg_resources is deprecated as an API. See https://setuptools.pypa.io/en/latest/pkg_resources.html. The pkg_resources package is slated for removal as early as 2025-11-30. Refrain from using this package or pin to Setuptools<81.
  import pkg_resources
/root/miniconda3/envs/sapien/lib/python3.10/site-packages/timm/models/layers/__init__.py:49: FutureWarning: Importing from timm.models.layers is deprecated, please import via timm.layers
  warnings.warn(f"Importing from {__name__} is deprecated, please import via timm.layers", FutureWarning)

{"schema_version": 1, "run_id": "a6_g005c_gt_traj_candidate_physical_pilot_v2", "status": "partial", "complete": false, "terminal": false, "pid": 2911399, "targets": 8, "total_candidates": 31, "completed_candidates": 20, "started_at": "2026-08-06T20:32:57+00:00", "remaining_candidates": 11, "heartbeat_at": "2026-08-06T20:33:02+00:00"}

/root/miniconda3/envs/sapien/lib/python3.10/site-packages/sapien/__init__.py:18: UserWarning: pkg_resources is deprecated as an API. See https://setuptools.pypa.io/en/latest/pkg_resources.html. The pkg_resources package is slated for removal as early as 2025-11-30. Refrain from using this package or pin to Setuptools<81.
  import pkg_resources
/root/miniconda3/envs/sapien/lib/python3.10/site-packages/timm/models/layers/__init__.py:49: FutureWarning: Importing from timm.models.layers is deprecated, please import via timm.layers
  warnings.warn(f"Importing from {__name__} is deprecated, please import via timm.layers", FutureWarning)

{"schema_version": 1, "run_id": "a6_g005c_gt_traj_candidate_physical_pilot_v2", "status": "partial", "complete": false, "terminal": false, "pid": 2916738, "targets": 8, "total_candidates": 31, "completed_candidates": 21, "started_at": "2026-08-06T20:33:10+00:00", "remaining_candidates": 10, "heartbeat_at": "2026-08-06T20:33:16+00:00"}

/root/miniconda3/envs/sapien/lib/python3.10/site-packages/sapien/__init__.py:18: UserWarning: pkg_resources is deprecated as an API. See https://setuptools.pypa.io/en/latest/pkg_resources.html. The pkg_resources package is slated for removal as early as 2025-11-30. Refrain from using this package or pin to Setuptools<81.
  import pkg_resources
/root/miniconda3/envs/sapien/lib/python3.10/site-packages/timm/models/layers/__init__.py:49: FutureWarning: Importing from timm.models.layers is deprecated, please import via timm.layers
  warnings.warn(f"Importing from {__name__} is deprecated, please import via timm.layers", FutureWarning)

{"schema_version": 1, "run_id": "a6_g005c_gt_traj_candidate_physical_pilot_v2", "status": "partial", "complete": false, "terminal": false, "pid": 2922497, "targets": 8, "total_candidates": 31, "completed_candidates": 22, "started_at": "2026-08-06T20:33:25+00:00", "remaining_candidates": 9, "heartbeat_at": "2026-08-06T20:33:31+00:00"}

/root/miniconda3/envs/sapien/lib/python3.10/site-packages/sapien/__init__.py:18: UserWarning: pkg_resources is deprecated as an API. See https://setuptools.pypa.io/en/latest/pkg_resources.html. The pkg_resources package is slated for removal as early as 2025-11-30. Refrain from using this package or pin to Setuptools<81.
  import pkg_resources
/root/miniconda3/envs/sapien/lib/python3.10/site-packages/timm/models/layers/__init__.py:49: FutureWarning: Importing from timm.models.layers is deprecated, please import via timm.layers
  warnings.warn(f"Importing from {__name__} is deprecated, please import via timm.layers", FutureWarning)

{"schema_version": 1, "run_id": "a6_g005c_gt_traj_candidate_physical_pilot_v2", "status": "partial", "complete": false, "terminal": false, "pid": 2926729, "targets": 8, "total_candidates": 31, "completed_candidates": 23, "started_at": "2026-08-06T20:33:39+00:00", "remaining_candidates": 8, "heartbeat_at": "2026-08-06T20:33:45+00:00"}

/root/miniconda3/envs/sapien/lib/python3.10/site-packages/sapien/__init__.py:18: UserWarning: pkg_resources is deprecated as an API. See https://setuptools.pypa.io/en/latest/pkg_resources.html. The pkg_resources package is slated for removal as early as 2025-11-30. Refrain from using this package or pin to Setuptools<81.
  import pkg_resources
/root/miniconda3/envs/sapien/lib/python3.10/site-packages/timm/models/layers/__init__.py:49: FutureWarning: Importing from timm.models.layers is deprecated, please import via timm.layers
  warnings.warn(f"Importing from {__name__} is deprecated, please import via timm.layers", FutureWarning)

{"schema_version": 1, "run_id": "a6_g005c_gt_traj_candidate_physical_pilot_v2", "status": "partial", "complete": false, "terminal": false, "pid": 2931671, "targets": 8, "total_candidates": 31, "completed_candidates": 24, "started_at": "2026-08-06T20:33:53+00:00", "remaining_candidates": 7, "heartbeat_at": "2026-08-06T20:34:13+00:00"}

/root/miniconda3/envs/sapien/lib/python3.10/site-packages/sapien/__init__.py:18: UserWarning: pkg_resources is deprecated as an API. See https://setuptools.pypa.io/en/latest/pkg_resources.html. The pkg_resources package is slated for removal as early as 2025-11-30. Refrain from using this package or pin to Setuptools<81.
  import pkg_resources
/root/miniconda3/envs/sapien/lib/python3.10/site-packages/timm/models/layers/__init__.py:49: FutureWarning: Importing from timm.models.layers is deprecated, please import via timm.layers
  warnings.warn(f"Importing from {__name__} is deprecated, please import via timm.layers", FutureWarning)

{"schema_version": 1, "run_id": "a6_g005c_gt_traj_candidate_physical_pilot_v2", "status": "partial", "complete": false, "terminal": false, "pid": 2941197, "targets": 8, "total_candidates": 31, "completed_candidates": 25, "started_at": "2026-08-06T20:34:21+00:00", "remaining_candidates": 6, "heartbeat_at": "2026-08-06T20:34:42+00:00"}

/root/miniconda3/envs/sapien/lib/python3.10/site-packages/sapien/__init__.py:18: UserWarning: pkg_resources is deprecated as an API. See https://setuptools.pypa.io/en/latest/pkg_resources.html. The pkg_resources package is slated for removal as early as 2025-11-30. Refrain from using this package or pin to Setuptools<81.
  import pkg_resources
/root/miniconda3/envs/sapien/lib/python3.10/site-packages/timm/models/layers/__init__.py:49: FutureWarning: Importing from timm.models.layers is deprecated, please import via timm.layers
  warnings.warn(f"Importing from {__name__} is deprecated, please import via timm.layers", FutureWarning)

{"schema_version": 1, "run_id": "a6_g005c_gt_traj_candidate_physical_pilot_v2", "status": "partial", "complete": false, "terminal": false, "pid": 2951066, "targets": 8, "total_candidates": 31, "completed_candidates": 26, "started_at": "2026-08-06T20:34:51+00:00", "remaining_candidates": 5, "heartbeat_at": "2026-08-06T20:35:11+00:00"}

/root/miniconda3/envs/sapien/lib/python3.10/site-packages/sapien/__init__.py:18: UserWarning: pkg_resources is deprecated as an API. See https://setuptools.pypa.io/en/latest/pkg_resources.html. The pkg_resources package is slated for removal as early as 2025-11-30. Refrain from using this package or pin to Setuptools<81.
  import pkg_resources
/root/miniconda3/envs/sapien/lib/python3.10/site-packages/timm/models/layers/__init__.py:49: FutureWarning: Importing from timm.models.layers is deprecated, please import via timm.layers
  warnings.warn(f"Importing from {__name__} is deprecated, please import via timm.layers", FutureWarning)

{"schema_version": 1, "run_id": "a6_g005c_gt_traj_candidate_physical_pilot_v2", "status": "partial", "complete": false, "terminal": false, "pid": 2960895, "targets": 8, "total_candidates": 31, "completed_candidates": 27, "started_at": "2026-08-06T20:35:19+00:00", "remaining_candidates": 4, "heartbeat_at": "2026-08-06T20:35:39+00:00"}

/root/miniconda3/envs/sapien/lib/python3.10/site-packages/sapien/__init__.py:18: UserWarning: pkg_resources is deprecated as an API. See https://setuptools.pypa.io/en/latest/pkg_resources.html. The pkg_resources package is slated for removal as early as 2025-11-30. Refrain from using this package or pin to Setuptools<81.
  import pkg_resources
/root/miniconda3/envs/sapien/lib/python3.10/site-packages/timm/models/layers/__init__.py:49: FutureWarning: Importing from timm.models.layers is deprecated, please import via timm.layers
  warnings.warn(f"Importing from {__name__} is deprecated, please import via timm.layers", FutureWarning)

{"schema_version": 1, "run_id": "a6_g005c_gt_traj_candidate_physical_pilot_v2", "status": "partial", "complete": false, "terminal": false, "pid": 2970000, "targets": 8, "total_candidates": 31, "completed_candidates": 28, "started_at": "2026-08-06T20:35:47+00:00", "remaining_candidates": 3, "heartbeat_at": "2026-08-06T20:36:07+00:00"}

/root/miniconda3/envs/sapien/lib/python3.10/site-packages/sapien/__init__.py:18: UserWarning: pkg_resources is deprecated as an API. See https://setuptools.pypa.io/en/latest/pkg_resources.html. The pkg_resources package is slated for removal as early as 2025-11-30. Refrain from using this package or pin to Setuptools<81.
  import pkg_resources
/root/miniconda3/envs/sapien/lib/python3.10/site-packages/timm/models/layers/__init__.py:49: FutureWarning: Importing from timm.models.layers is deprecated, please import via timm.layers
  warnings.warn(f"Importing from {__name__} is deprecated, please import via timm.layers", FutureWarning)

{"schema_version": 1, "run_id": "a6_g005c_gt_traj_candidate_physical_pilot_v2", "status": "partial", "complete": false, "terminal": false, "pid": 2979763, "targets": 8, "total_candidates": 31, "completed_candidates": 29, "started_at": "2026-08-06T20:36:16+00:00", "remaining_candidates": 2, "heartbeat_at": "2026-08-06T20:36:20+00:00"}

/root/miniconda3/envs/sapien/lib/python3.10/site-packages/sapien/__init__.py:18: UserWarning: pkg_resources is deprecated as an API. See https://setuptools.pypa.io/en/latest/pkg_resources.html. The pkg_resources package is slated for removal as early as 2025-11-30. Refrain from using this package or pin to Setuptools<81.
  import pkg_resources
/root/miniconda3/envs/sapien/lib/python3.10/site-packages/timm/models/layers/__init__.py:49: FutureWarning: Importing from timm.models.layers is deprecated, please import via timm.layers
  warnings.warn(f"Importing from {__name__} is deprecated, please import via timm.layers", FutureWarning)

{"schema_version": 1, "run_id": "a6_g005c_gt_traj_candidate_physical_pilot_v2", "status": "partial", "complete": false, "terminal": false, "pid": 2984429, "targets": 8, "total_candidates": 31, "completed_candidates": 30, "started_at": "2026-08-06T20:36:29+00:00", "remaining_candidates": 1, "heartbeat_at": "2026-08-06T20:36:49+00:00"}

/root/miniconda3/envs/sapien/lib/python3.10/site-packages/sapien/__init__.py:18: UserWarning: pkg_resources is deprecated as an API. See https://setuptools.pypa.io/en/latest/pkg_resources.html. The pkg_resources package is slated for removal as early as 2025-11-30. Refrain from using this package or pin to Setuptools<81.
  import pkg_resources
/root/miniconda3/envs/sapien/lib/python3.10/site-packages/timm/models/layers/__init__.py:49: FutureWarning: Importing from timm.models.layers is deprecated, please import via timm.layers
  warnings.warn(f"Importing from {__name__} is deprecated, please import via timm.layers", FutureWarning)

{"schema_version": 1, "run_id": "a6_g005c_gt_traj_candidate_physical_pilot_v2", "status": "passed", "complete": true, "terminal": true, "scientific_scope": "GT-TRAJ replay-pass K4 candidate physical ceiling", "groups": 8, "candidates": 31, "candidate_strict_grasp_success": 30, "candidate_task_success": 8, "route_level_selection": "shortest joint-space path, slot tie-break; no outcome read", "selected": {"531": {"candidate_index": 3, "strict_grasp_pass": true, "task_success": false, "progress": 0.06403476784734223}, "534": {"candidate_index": 0, "strict_grasp_pass": true, "task_success": false, "progress": 0.05485892054934451}, "537": {"candidate_index": 3, "strict_grasp_pass": true, "task_success": false, "progress": 0.24521554748328406}, "540": {"candidate_index": 1, "strict_grasp_pass": true, "task_success": false, "progress": 0.025616747092141904}, "543": {"candidate_index": 2, "strict_grasp_pass": true, "task_success": true, "progress": 0.40099172446714093}, "546": {"candidate_index": 3, "strict_grasp_pass": true, "task_success": true, "progress": 0.4003913508558037}, "549": {"candidate_index": 0, "strict_grasp_pass": true, "task_success": false, "progress": -0.017414202391400943}, "552": {"candidate_index": 3, "strict_grasp_pass": true, "task_success": false, "progress": 0.10774150694459464}}, "checks": {"fresh_world_each": true, "l64_each": true, "fixed_stage_ticks": true, "fixed_operation_budget": true}, "completed_at": "2026-08-06T20:37:18+00:00"}

/root/miniconda3/envs/sapien/lib/python3.10/site-packages/sapien/__init__.py:18: UserWarning: pkg_resources is deprecated as an API. See https://setuptools.pypa.io/en/latest/pkg_resources.html. The pkg_resources package is slated for removal as early as 2025-11-30. Refrain from using this package or pin to Setuptools<81.
  import pkg_resources
/root/miniconda3/envs/sapien/lib/python3.10/site-packages/timm/models/layers/__init__.py:49: FutureWarning: Importing from timm.models.layers is deprecated, please import via timm.layers
  warnings.warn(f"Importing from {__name__} is deprecated, please import via timm.layers", FutureWarning)

{"schema_version": 1, "run_id": "a6_g005c_gt_qpose_candidate_physical_pilot_v2", "status": "partial", "complete": false, "terminal": false, "pid": 3005299, "targets": 8, "total_candidates": 31, "completed_candidates": 1, "started_at": "2026-08-06T20:37:27+00:00", "remaining_candidates": 30, "heartbeat_at": "2026-08-06T20:37:57+00:00"}

/root/miniconda3/envs/sapien/lib/python3.10/site-packages/sapien/__init__.py:18: UserWarning: pkg_resources is deprecated as an API. See https://setuptools.pypa.io/en/latest/pkg_resources.html. The pkg_resources package is slated for removal as early as 2025-11-30. Refrain from using this package or pin to Setuptools<81.
  import pkg_resources
/root/miniconda3/envs/sapien/lib/python3.10/site-packages/timm/models/layers/__init__.py:49: FutureWarning: Importing from timm.models.layers is deprecated, please import via timm.layers
  warnings.warn(f"Importing from {__name__} is deprecated, please import via timm.layers", FutureWarning)

{"schema_version": 1, "run_id": "a6_g005c_gt_qpose_candidate_physical_pilot_v2", "status": "partial", "complete": false, "terminal": false, "pid": 3017696, "targets": 8, "total_candidates": 31, "completed_candidates": 2, "started_at": "2026-08-06T20:38:06+00:00", "remaining_candidates": 29, "heartbeat_at": "2026-08-06T20:38:35+00:00"}

/root/miniconda3/envs/sapien/lib/python3.10/site-packages/sapien/__init__.py:18: UserWarning: pkg_resources is deprecated as an API. See https://setuptools.pypa.io/en/latest/pkg_resources.html. The pkg_resources package is slated for removal as early as 2025-11-30. Refrain from using this package or pin to Setuptools<81.
  import pkg_resources
/root/miniconda3/envs/sapien/lib/python3.10/site-packages/timm/models/layers/__init__.py:49: FutureWarning: Importing from timm.models.layers is deprecated, please import via timm.layers
  warnings.warn(f"Importing from {__name__} is deprecated, please import via timm.layers", FutureWarning)

{"schema_version": 1, "run_id": "a6_g005c_gt_qpose_candidate_physical_pilot_v2", "status": "partial", "complete": false, "terminal": false, "pid": 3030046, "targets": 8, "total_candidates": 31, "completed_candidates": 3, "started_at": "2026-08-06T20:38:44+00:00", "remaining_candidates": 28, "heartbeat_at": "2026-08-06T20:39:13+00:00"}

/root/miniconda3/envs/sapien/lib/python3.10/site-packages/sapien/__init__.py:18: UserWarning: pkg_resources is deprecated as an API. See https://setuptools.pypa.io/en/latest/pkg_resources.html. The pkg_resources package is slated for removal as early as 2025-11-30. Refrain from using this package or pin to Setuptools<81.
  import pkg_resources
/root/miniconda3/envs/sapien/lib/python3.10/site-packages/timm/models/layers/__init__.py:49: FutureWarning: Importing from timm.models.layers is deprecated, please import via timm.layers
  warnings.warn(f"Importing from {__name__} is deprecated, please import via timm.layers", FutureWarning)

{"schema_version": 1, "run_id": "a6_g005c_gt_qpose_candidate_physical_pilot_v2", "status": "partial", "complete": false, "terminal": false, "pid": 3043156, "targets": 8, "total_candidates": 31, "completed_candidates": 4, "started_at": "2026-08-06T20:39:22+00:00", "remaining_candidates": 27, "heartbeat_at": "2026-08-06T20:39:52+00:00"}

/root/miniconda3/envs/sapien/lib/python3.10/site-packages/sapien/__init__.py:18: UserWarning: pkg_resources is deprecated as an API. See https://setuptools.pypa.io/en/latest/pkg_resources.html. The pkg_resources package is slated for removal as early as 2025-11-30. Refrain from using this package or pin to Setuptools<81.
  import pkg_resources
/root/miniconda3/envs/sapien/lib/python3.10/site-packages/timm/models/layers/__init__.py:49: FutureWarning: Importing from timm.models.layers is deprecated, please import via timm.layers
  warnings.warn(f"Importing from {__name__} is deprecated, please import via timm.layers", FutureWarning)

{"schema_version": 1, "run_id": "a6_g005c_gt_qpose_candidate_physical_pilot_v2", "status": "partial", "complete": false, "terminal": false, "pid": 3055639, "targets": 8, "total_candidates": 31, "completed_candidates": 5, "started_at": "2026-08-06T20:40:01+00:00", "remaining_candidates": 26, "heartbeat_at": "2026-08-06T20:40:21+00:00"}

/root/miniconda3/envs/sapien/lib/python3.10/site-packages/sapien/__init__.py:18: UserWarning: pkg_resources is deprecated as an API. See https://setuptools.pypa.io/en/latest/pkg_resources.html. The pkg_resources package is slated for removal as early as 2025-11-30. Refrain from using this package or pin to Setuptools<81.
  import pkg_resources
/root/miniconda3/envs/sapien/lib/python3.10/site-packages/timm/models/layers/__init__.py:49: FutureWarning: Importing from timm.models.layers is deprecated, please import via timm.layers
  warnings.warn(f"Importing from {__name__} is deprecated, please import via timm.layers", FutureWarning)

{"schema_version": 1, "run_id": "a6_g005c_gt_qpose_candidate_physical_pilot_v2", "status": "partial", "complete": false, "terminal": false, "pid": 3065250, "targets": 8, "total_candidates": 31, "completed_candidates": 6, "started_at": "2026-08-06T20:40:29+00:00", "remaining_candidates": 25, "heartbeat_at": "2026-08-06T20:40:49+00:00"}

/root/miniconda3/envs/sapien/lib/python3.10/site-packages/sapien/__init__.py:18: UserWarning: pkg_resources is deprecated as an API. See https://setuptools.pypa.io/en/latest/pkg_resources.html. The pkg_resources package is slated for removal as early as 2025-11-30. Refrain from using this package or pin to Setuptools<81.
  import pkg_resources
/root/miniconda3/envs/sapien/lib/python3.10/site-packages/timm/models/layers/__init__.py:49: FutureWarning: Importing from timm.models.layers is deprecated, please import via timm.layers
  warnings.warn(f"Importing from {__name__} is deprecated, please import via timm.layers", FutureWarning)

{"schema_version": 1, "run_id": "a6_g005c_gt_qpose_candidate_physical_pilot_v2", "status": "partial", "complete": false, "terminal": false, "pid": 3074180, "targets": 8, "total_candidates": 31, "completed_candidates": 7, "started_at": "2026-08-06T20:40:58+00:00", "remaining_candidates": 24, "heartbeat_at": "2026-08-06T20:41:06+00:00"}

/root/miniconda3/envs/sapien/lib/python3.10/site-packages/sapien/__init__.py:18: UserWarning: pkg_resources is deprecated as an API. See https://setuptools.pypa.io/en/latest/pkg_resources.html. The pkg_resources package is slated for removal as early as 2025-11-30. Refrain from using this package or pin to Setuptools<81.
  import pkg_resources
/root/miniconda3/envs/sapien/lib/python3.10/site-packages/timm/models/layers/__init__.py:49: FutureWarning: Importing from timm.models.layers is deprecated, please import via timm.layers
  warnings.warn(f"Importing from {__name__} is deprecated, please import via timm.layers", FutureWarning)

{"schema_version": 1, "run_id": "a6_g005c_gt_qpose_candidate_physical_pilot_v2", "status": "partial", "complete": false, "terminal": false, "pid": 3080714, "targets": 8, "total_candidates": 31, "completed_candidates": 8, "started_at": "2026-08-06T20:41:14+00:00", "remaining_candidates": 23, "heartbeat_at": "2026-08-06T20:41:36+00:00"}

/root/miniconda3/envs/sapien/lib/python3.10/site-packages/sapien/__init__.py:18: UserWarning: pkg_resources is deprecated as an API. See https://setuptools.pypa.io/en/latest/pkg_resources.html. The pkg_resources package is slated for removal as early as 2025-11-30. Refrain from using this package or pin to Setuptools<81.
  import pkg_resources
/root/miniconda3/envs/sapien/lib/python3.10/site-packages/timm/models/layers/__init__.py:49: FutureWarning: Importing from timm.models.layers is deprecated, please import via timm.layers
  warnings.warn(f"Importing from {__name__} is deprecated, please import via timm.layers", FutureWarning)

{"schema_version": 1, "run_id": "a6_g005c_gt_qpose_candidate_physical_pilot_v2", "status": "partial", "complete": false, "terminal": false, "pid": 3089867, "targets": 8, "total_candidates": 31, "completed_candidates": 9, "started_at": "2026-08-06T20:41:45+00:00", "remaining_candidates": 22, "heartbeat_at": "2026-08-06T20:42:06+00:00"}

/root/miniconda3/envs/sapien/lib/python3.10/site-packages/sapien/__init__.py:18: UserWarning: pkg_resources is deprecated as an API. See https://setuptools.pypa.io/en/latest/pkg_resources.html. The pkg_resources package is slated for removal as early as 2025-11-30. Refrain from using this package or pin to Setuptools<81.
  import pkg_resources
/root/miniconda3/envs/sapien/lib/python3.10/site-packages/timm/models/layers/__init__.py:49: FutureWarning: Importing from timm.models.layers is deprecated, please import via timm.layers
  warnings.warn(f"Importing from {__name__} is deprecated, please import via timm.layers", FutureWarning)

{"schema_version": 1, "run_id": "a6_g005c_gt_qpose_candidate_physical_pilot_v2", "status": "partial", "complete": false, "terminal": false, "pid": 3100596, "targets": 8, "total_candidates": 31, "completed_candidates": 10, "started_at": "2026-08-06T20:42:15+00:00", "remaining_candidates": 21, "heartbeat_at": "2026-08-06T20:42:35+00:00"}

/root/miniconda3/envs/sapien/lib/python3.10/site-packages/sapien/__init__.py:18: UserWarning: pkg_resources is deprecated as an API. See https://setuptools.pypa.io/en/latest/pkg_resources.html. The pkg_resources package is slated for removal as early as 2025-11-30. Refrain from using this package or pin to Setuptools<81.
  import pkg_resources
/root/miniconda3/envs/sapien/lib/python3.10/site-packages/timm/models/layers/__init__.py:49: FutureWarning: Importing from timm.models.layers is deprecated, please import via timm.layers
  warnings.warn(f"Importing from {__name__} is deprecated, please import via timm.layers", FutureWarning)

{"schema_version": 1, "run_id": "a6_g005c_gt_qpose_candidate_physical_pilot_v2", "status": "partial", "complete": false, "terminal": false, "pid": 3110434, "targets": 8, "total_candidates": 31, "completed_candidates": 11, "started_at": "2026-08-06T20:42:44+00:00", "remaining_candidates": 20, "heartbeat_at": "2026-08-06T20:43:05+00:00"}

/root/miniconda3/envs/sapien/lib/python3.10/site-packages/sapien/__init__.py:18: UserWarning: pkg_resources is deprecated as an API. See https://setuptools.pypa.io/en/latest/pkg_resources.html. The pkg_resources package is slated for removal as early as 2025-11-30. Refrain from using this package or pin to Setuptools<81.
  import pkg_resources
/root/miniconda3/envs/sapien/lib/python3.10/site-packages/timm/models/layers/__init__.py:49: FutureWarning: Importing from timm.models.layers is deprecated, please import via timm.layers
  warnings.warn(f"Importing from {__name__} is deprecated, please import via timm.layers", FutureWarning)

{"schema_version": 1, "run_id": "a6_g005c_gt_qpose_candidate_physical_pilot_v2", "status": "partial", "complete": false, "terminal": false, "pid": 3120706, "targets": 8, "total_candidates": 31, "completed_candidates": 12, "started_at": "2026-08-06T20:43:13+00:00", "remaining_candidates": 19, "heartbeat_at": "2026-08-06T20:43:34+00:00"}

/root/miniconda3/envs/sapien/lib/python3.10/site-packages/sapien/__init__.py:18: UserWarning: pkg_resources is deprecated as an API. See https://setuptools.pypa.io/en/latest/pkg_resources.html. The pkg_resources package is slated for removal as early as 2025-11-30. Refrain from using this package or pin to Setuptools<81.
  import pkg_resources
/root/miniconda3/envs/sapien/lib/python3.10/site-packages/timm/models/layers/__init__.py:49: FutureWarning: Importing from timm.models.layers is deprecated, please import via timm.layers
  warnings.warn(f"Importing from {__name__} is deprecated, please import via timm.layers", FutureWarning)

{"schema_version": 1, "run_id": "a6_g005c_gt_qpose_candidate_physical_pilot_v2", "status": "partial", "complete": false, "terminal": false, "pid": 3130420, "targets": 8, "total_candidates": 31, "completed_candidates": 13, "started_at": "2026-08-06T20:43:42+00:00", "remaining_candidates": 18, "heartbeat_at": "2026-08-06T20:44:06+00:00"}

/root/miniconda3/envs/sapien/lib/python3.10/site-packages/sapien/__init__.py:18: UserWarning: pkg_resources is deprecated as an API. See https://setuptools.pypa.io/en/latest/pkg_resources.html. The pkg_resources package is slated for removal as early as 2025-11-30. Refrain from using this package or pin to Setuptools<81.
  import pkg_resources
/root/miniconda3/envs/sapien/lib/python3.10/site-packages/timm/models/layers/__init__.py:49: FutureWarning: Importing from timm.models.layers is deprecated, please import via timm.layers
  warnings.warn(f"Importing from {__name__} is deprecated, please import via timm.layers", FutureWarning)

{"schema_version": 1, "run_id": "a6_g005c_gt_qpose_candidate_physical_pilot_v2", "status": "partial", "complete": false, "terminal": false, "pid": 3139578, "targets": 8, "total_candidates": 31, "completed_candidates": 14, "started_at": "2026-08-06T20:44:14+00:00", "remaining_candidates": 17, "heartbeat_at": "2026-08-06T20:44:37+00:00"}

/root/miniconda3/envs/sapien/lib/python3.10/site-packages/sapien/__init__.py:18: UserWarning: pkg_resources is deprecated as an API. See https://setuptools.pypa.io/en/latest/pkg_resources.html. The pkg_resources package is slated for removal as early as 2025-11-30. Refrain from using this package or pin to Setuptools<81.
  import pkg_resources
/root/miniconda3/envs/sapien/lib/python3.10/site-packages/timm/models/layers/__init__.py:49: FutureWarning: Importing from timm.models.layers is deprecated, please import via timm.layers
  warnings.warn(f"Importing from {__name__} is deprecated, please import via timm.layers", FutureWarning)

{"schema_version": 1, "run_id": "a6_g005c_gt_qpose_candidate_physical_pilot_v2", "status": "partial", "complete": false, "terminal": false, "pid": 3149977, "targets": 8, "total_candidates": 31, "completed_candidates": 15, "started_at": "2026-08-06T20:44:45+00:00", "remaining_candidates": 16, "heartbeat_at": "2026-08-06T20:45:09+00:00"}

/root/miniconda3/envs/sapien/lib/python3.10/site-packages/sapien/__init__.py:18: UserWarning: pkg_resources is deprecated as an API. See https://setuptools.pypa.io/en/latest/pkg_resources.html. The pkg_resources package is slated for removal as early as 2025-11-30. Refrain from using this package or pin to Setuptools<81.
  import pkg_resources
/root/miniconda3/envs/sapien/lib/python3.10/site-packages/timm/models/layers/__init__.py:49: FutureWarning: Importing from timm.models.layers is deprecated, please import via timm.layers
  warnings.warn(f"Importing from {__name__} is deprecated, please import via timm.layers", FutureWarning)

{"schema_version": 1, "run_id": "a6_g005c_gt_qpose_candidate_physical_pilot_v2", "status": "partial", "complete": false, "terminal": false, "pid": 3161171, "targets": 8, "total_candidates": 31, "completed_candidates": 16, "started_at": "2026-08-06T20:45:17+00:00", "remaining_candidates": 15, "heartbeat_at": "2026-08-06T20:45:41+00:00"}

/root/miniconda3/envs/sapien/lib/python3.10/site-packages/sapien/__init__.py:18: UserWarning: pkg_resources is deprecated as an API. See https://setuptools.pypa.io/en/latest/pkg_resources.html. The pkg_resources package is slated for removal as early as 2025-11-30. Refrain from using this package or pin to Setuptools<81.
  import pkg_resources
/root/miniconda3/envs/sapien/lib/python3.10/site-packages/timm/models/layers/__init__.py:49: FutureWarning: Importing from timm.models.layers is deprecated, please import via timm.layers
  warnings.warn(f"Importing from {__name__} is deprecated, please import via timm.layers", FutureWarning)

{"schema_version": 1, "run_id": "a6_g005c_gt_qpose_candidate_physical_pilot_v2", "status": "partial", "complete": false, "terminal": false, "pid": 3170845, "targets": 8, "total_candidates": 31, "completed_candidates": 17, "started_at": "2026-08-06T20:45:49+00:00", "remaining_candidates": 14, "heartbeat_at": "2026-08-06T20:45:55+00:00"}

/root/miniconda3/envs/sapien/lib/python3.10/site-packages/sapien/__init__.py:18: UserWarning: pkg_resources is deprecated as an API. See https://setuptools.pypa.io/en/latest/pkg_resources.html. The pkg_resources package is slated for removal as early as 2025-11-30. Refrain from using this package or pin to Setuptools<81.
  import pkg_resources
/root/miniconda3/envs/sapien/lib/python3.10/site-packages/timm/models/layers/__init__.py:49: FutureWarning: Importing from timm.models.layers is deprecated, please import via timm.layers
  warnings.warn(f"Importing from {__name__} is deprecated, please import via timm.layers", FutureWarning)

{"schema_version": 1, "run_id": "a6_g005c_gt_qpose_candidate_physical_pilot_v2", "status": "partial", "complete": false, "terminal": false, "pid": 3176644, "targets": 8, "total_candidates": 31, "completed_candidates": 18, "started_at": "2026-08-06T20:46:03+00:00", "remaining_candidates": 13, "heartbeat_at": "2026-08-06T20:46:27+00:00"}

/root/miniconda3/envs/sapien/lib/python3.10/site-packages/sapien/__init__.py:18: UserWarning: pkg_resources is deprecated as an API. See https://setuptools.pypa.io/en/latest/pkg_resources.html. The pkg_resources package is slated for removal as early as 2025-11-30. Refrain from using this package or pin to Setuptools<81.
  import pkg_resources
/root/miniconda3/envs/sapien/lib/python3.10/site-packages/timm/models/layers/__init__.py:49: FutureWarning: Importing from timm.models.layers is deprecated, please import via timm.layers
  warnings.warn(f"Importing from {__name__} is deprecated, please import via timm.layers", FutureWarning)

{"schema_version": 1, "run_id": "a6_g005c_gt_qpose_candidate_physical_pilot_v2", "status": "partial", "complete": false, "terminal": false, "pid": 3186481, "targets": 8, "total_candidates": 31, "completed_candidates": 19, "started_at": "2026-08-06T20:46:36+00:00", "remaining_candidates": 12, "heartbeat_at": "2026-08-06T20:46:58+00:00"}

/root/miniconda3/envs/sapien/lib/python3.10/site-packages/sapien/__init__.py:18: UserWarning: pkg_resources is deprecated as an API. See https://setuptools.pypa.io/en/latest/pkg_resources.html. The pkg_resources package is slated for removal as early as 2025-11-30. Refrain from using this package or pin to Setuptools<81.
  import pkg_resources
/root/miniconda3/envs/sapien/lib/python3.10/site-packages/timm/models/layers/__init__.py:49: FutureWarning: Importing from timm.models.layers is deprecated, please import via timm.layers
  warnings.warn(f"Importing from {__name__} is deprecated, please import via timm.layers", FutureWarning)

{"schema_version": 1, "run_id": "a6_g005c_gt_qpose_candidate_physical_pilot_v2", "status": "partial", "complete": false, "terminal": false, "pid": 3197853, "targets": 8, "total_candidates": 31, "completed_candidates": 20, "started_at": "2026-08-06T20:47:07+00:00", "remaining_candidates": 11, "heartbeat_at": "2026-08-06T20:47:12+00:00"}

/root/miniconda3/envs/sapien/lib/python3.10/site-packages/sapien/__init__.py:18: UserWarning: pkg_resources is deprecated as an API. See https://setuptools.pypa.io/en/latest/pkg_resources.html. The pkg_resources package is slated for removal as early as 2025-11-30. Refrain from using this package or pin to Setuptools<81.
  import pkg_resources
/root/miniconda3/envs/sapien/lib/python3.10/site-packages/timm/models/layers/__init__.py:49: FutureWarning: Importing from timm.models.layers is deprecated, please import via timm.layers
  warnings.warn(f"Importing from {__name__} is deprecated, please import via timm.layers", FutureWarning)

{"schema_version": 1, "run_id": "a6_g005c_gt_qpose_candidate_physical_pilot_v2", "status": "partial", "complete": false, "terminal": false, "pid": 3202226, "targets": 8, "total_candidates": 31, "completed_candidates": 21, "started_at": "2026-08-06T20:47:21+00:00", "remaining_candidates": 10, "heartbeat_at": "2026-08-06T20:47:27+00:00"}

/root/miniconda3/envs/sapien/lib/python3.10/site-packages/sapien/__init__.py:18: UserWarning: pkg_resources is deprecated as an API. See https://setuptools.pypa.io/en/latest/pkg_resources.html. The pkg_resources package is slated for removal as early as 2025-11-30. Refrain from using this package or pin to Setuptools<81.
  import pkg_resources
/root/miniconda3/envs/sapien/lib/python3.10/site-packages/timm/models/layers/__init__.py:49: FutureWarning: Importing from timm.models.layers is deprecated, please import via timm.layers
  warnings.warn(f"Importing from {__name__} is deprecated, please import via timm.layers", FutureWarning)

{"schema_version": 1, "run_id": "a6_g005c_gt_qpose_candidate_physical_pilot_v2", "status": "partial", "complete": false, "terminal": false, "pid": 3208221, "targets": 8, "total_candidates": 31, "completed_candidates": 22, "started_at": "2026-08-06T20:47:36+00:00", "remaining_candidates": 9, "heartbeat_at": "2026-08-06T20:47:41+00:00"}

/root/miniconda3/envs/sapien/lib/python3.10/site-packages/sapien/__init__.py:18: UserWarning: pkg_resources is deprecated as an API. See https://setuptools.pypa.io/en/latest/pkg_resources.html. The pkg_resources package is slated for removal as early as 2025-11-30. Refrain from using this package or pin to Setuptools<81.
  import pkg_resources
/root/miniconda3/envs/sapien/lib/python3.10/site-packages/timm/models/layers/__init__.py:49: FutureWarning: Importing from timm.models.layers is deprecated, please import via timm.layers
  warnings.warn(f"Importing from {__name__} is deprecated, please import via timm.layers", FutureWarning)

{"schema_version": 1, "run_id": "a6_g005c_gt_qpose_candidate_physical_pilot_v2", "status": "partial", "complete": false, "terminal": false, "pid": 3213200, "targets": 8, "total_candidates": 31, "completed_candidates": 23, "started_at": "2026-08-06T20:47:50+00:00", "remaining_candidates": 8, "heartbeat_at": "2026-08-06T20:47:55+00:00"}

/root/miniconda3/envs/sapien/lib/python3.10/site-packages/sapien/__init__.py:18: UserWarning: pkg_resources is deprecated as an API. See https://setuptools.pypa.io/en/latest/pkg_resources.html. The pkg_resources package is slated for removal as early as 2025-11-30. Refrain from using this package or pin to Setuptools<81.
  import pkg_resources
/root/miniconda3/envs/sapien/lib/python3.10/site-packages/timm/models/layers/__init__.py:49: FutureWarning: Importing from timm.models.layers is deprecated, please import via timm.layers
  warnings.warn(f"Importing from {__name__} is deprecated, please import via timm.layers", FutureWarning)

{"schema_version": 1, "run_id": "a6_g005c_gt_qpose_candidate_physical_pilot_v2", "status": "partial", "complete": false, "terminal": false, "pid": 3217599, "targets": 8, "total_candidates": 31, "completed_candidates": 24, "started_at": "2026-08-06T20:48:04+00:00", "remaining_candidates": 7, "heartbeat_at": "2026-08-06T20:48:23+00:00"}

/root/miniconda3/envs/sapien/lib/python3.10/site-packages/sapien/__init__.py:18: UserWarning: pkg_resources is deprecated as an API. See https://setuptools.pypa.io/en/latest/pkg_resources.html. The pkg_resources package is slated for removal as early as 2025-11-30. Refrain from using this package or pin to Setuptools<81.
  import pkg_resources
/root/miniconda3/envs/sapien/lib/python3.10/site-packages/timm/models/layers/__init__.py:49: FutureWarning: Importing from timm.models.layers is deprecated, please import via timm.layers
  warnings.warn(f"Importing from {__name__} is deprecated, please import via timm.layers", FutureWarning)

{"schema_version": 1, "run_id": "a6_g005c_gt_qpose_candidate_physical_pilot_v2", "status": "partial", "complete": false, "terminal": false, "pid": 3226468, "targets": 8, "total_candidates": 31, "completed_candidates": 25, "started_at": "2026-08-06T20:48:32+00:00", "remaining_candidates": 6, "heartbeat_at": "2026-08-06T20:48:53+00:00"}

/root/miniconda3/envs/sapien/lib/python3.10/site-packages/sapien/__init__.py:18: UserWarning: pkg_resources is deprecated as an API. See https://setuptools.pypa.io/en/latest/pkg_resources.html. The pkg_resources package is slated for removal as early as 2025-11-30. Refrain from using this package or pin to Setuptools<81.
  import pkg_resources
/root/miniconda3/envs/sapien/lib/python3.10/site-packages/timm/models/layers/__init__.py:49: FutureWarning: Importing from timm.models.layers is deprecated, please import via timm.layers
  warnings.warn(f"Importing from {__name__} is deprecated, please import via timm.layers", FutureWarning)

{"schema_version": 1, "run_id": "a6_g005c_gt_qpose_candidate_physical_pilot_v2", "status": "partial", "complete": false, "terminal": false, "pid": 3236614, "targets": 8, "total_candidates": 31, "completed_candidates": 26, "started_at": "2026-08-06T20:49:02+00:00", "remaining_candidates": 5, "heartbeat_at": "2026-08-06T20:49:22+00:00"}

/root/miniconda3/envs/sapien/lib/python3.10/site-packages/sapien/__init__.py:18: UserWarning: pkg_resources is deprecated as an API. See https://setuptools.pypa.io/en/latest/pkg_resources.html. The pkg_resources package is slated for removal as early as 2025-11-30. Refrain from using this package or pin to Setuptools<81.
  import pkg_resources
/root/miniconda3/envs/sapien/lib/python3.10/site-packages/timm/models/layers/__init__.py:49: FutureWarning: Importing from timm.models.layers is deprecated, please import via timm.layers
  warnings.warn(f"Importing from {__name__} is deprecated, please import via timm.layers", FutureWarning)

{"schema_version": 1, "run_id": "a6_g005c_gt_qpose_candidate_physical_pilot_v2", "status": "partial", "complete": false, "terminal": false, "pid": 3246173, "targets": 8, "total_candidates": 31, "completed_candidates": 27, "started_at": "2026-08-06T20:49:31+00:00", "remaining_candidates": 4, "heartbeat_at": "2026-08-06T20:49:50+00:00"}

/root/miniconda3/envs/sapien/lib/python3.10/site-packages/sapien/__init__.py:18: UserWarning: pkg_resources is deprecated as an API. See https://setuptools.pypa.io/en/latest/pkg_resources.html. The pkg_resources package is slated for removal as early as 2025-11-30. Refrain from using this package or pin to Setuptools<81.
  import pkg_resources
/root/miniconda3/envs/sapien/lib/python3.10/site-packages/timm/models/layers/__init__.py:49: FutureWarning: Importing from timm.models.layers is deprecated, please import via timm.layers
  warnings.warn(f"Importing from {__name__} is deprecated, please import via timm.layers", FutureWarning)

{"schema_version": 1, "run_id": "a6_g005c_gt_qpose_candidate_physical_pilot_v2", "status": "partial", "complete": false, "terminal": false, "pid": 3256044, "targets": 8, "total_candidates": 31, "completed_candidates": 28, "started_at": "2026-08-06T20:49:59+00:00", "remaining_candidates": 3, "heartbeat_at": "2026-08-06T20:50:19+00:00"}

/root/miniconda3/envs/sapien/lib/python3.10/site-packages/sapien/__init__.py:18: UserWarning: pkg_resources is deprecated as an API. See https://setuptools.pypa.io/en/latest/pkg_resources.html. The pkg_resources package is slated for removal as early as 2025-11-30. Refrain from using this package or pin to Setuptools<81.
  import pkg_resources
/root/miniconda3/envs/sapien/lib/python3.10/site-packages/timm/models/layers/__init__.py:49: FutureWarning: Importing from timm.models.layers is deprecated, please import via timm.layers
  warnings.warn(f"Importing from {__name__} is deprecated, please import via timm.layers", FutureWarning)

{"schema_version": 1, "run_id": "a6_g005c_gt_qpose_candidate_physical_pilot_v2", "status": "partial", "complete": false, "terminal": false, "pid": 3264915, "targets": 8, "total_candidates": 31, "completed_candidates": 29, "started_at": "2026-08-06T20:50:28+00:00", "remaining_candidates": 2, "heartbeat_at": "2026-08-06T20:50:32+00:00"}

/root/miniconda3/envs/sapien/lib/python3.10/site-packages/sapien/__init__.py:18: UserWarning: pkg_resources is deprecated as an API. See https://setuptools.pypa.io/en/latest/pkg_resources.html. The pkg_resources package is slated for removal as early as 2025-11-30. Refrain from using this package or pin to Setuptools<81.
  import pkg_resources
/root/miniconda3/envs/sapien/lib/python3.10/site-packages/timm/models/layers/__init__.py:49: FutureWarning: Importing from timm.models.layers is deprecated, please import via timm.layers
  warnings.warn(f"Importing from {__name__} is deprecated, please import via timm.layers", FutureWarning)

{"schema_version": 1, "run_id": "a6_g005c_gt_qpose_candidate_physical_pilot_v2", "status": "partial", "complete": false, "terminal": false, "pid": 3270233, "targets": 8, "total_candidates": 31, "completed_candidates": 30, "started_at": "2026-08-06T20:50:40+00:00", "remaining_candidates": 1, "heartbeat_at": "2026-08-06T20:51:01+00:00"}

/root/miniconda3/envs/sapien/lib/python3.10/site-packages/sapien/__init__.py:18: UserWarning: pkg_resources is deprecated as an API. See https://setuptools.pypa.io/en/latest/pkg_resources.html. The pkg_resources package is slated for removal as early as 2025-11-30. Refrain from using this package or pin to Setuptools<81.
  import pkg_resources
/root/miniconda3/envs/sapien/lib/python3.10/site-packages/timm/models/layers/__init__.py:49: FutureWarning: Importing from timm.models.layers is deprecated, please import via timm.layers
  warnings.warn(f"Importing from {__name__} is deprecated, please import via timm.layers", FutureWarning)

{"schema_version": 1, "run_id": "a6_g005c_gt_qpose_candidate_physical_pilot_v2", "status": "passed", "complete": true, "terminal": true, "scientific_scope": "GT-QPOSE K4 candidate physical ceiling", "groups": 8, "candidates": 31, "candidate_strict_grasp_success": 8, "candidate_task_success": 7, "route_level_selection": "shortest successful planner path, slot tie-break; no outcome read", "checks": {"fresh_world_each": true, "l64_each": true, "fixed_stage_ticks": true, "fixed_operation_budget": true, "qpose_consumer_forbidden_reads_absent": true}, "file_read_string_literals": ["planned_paths.npz", "qpose_teacher_manifest.json"], "forbidden_read_hits": [], "completed_at": "2026-08-06T20:51:29+00:00"}

